****************************************
Report : report_utilization
Design : top_pad_rvx
Version: W-2024.09-SP3
Date   : Thu Aug 13 05:53:24 2026
****************************************
Utilization Ratio:			0.0730
Utilization options:
 - Area calculation based on:		site_row of block top_pad_rvx
 - Categories of objects excluded:	hard_macros macro_keepouts soft_macros io_cells hard_blockages 
Total Area:				3801345.6645
Total Capacity Area:			3801345.6645
Total Area of cells:			277344.0433
Area of excluded objects:
 - hard_macros         :		0.0000
 - macro_keepouts      :		0.0000
 - soft_macros         :		0.0000
 - io_cells            :		2820000.0000
 - hard_blockages      :		0.0000
Total Area of excluded objects:		2820000.0000
Ratio of excluded objects:		0.7418

Utilization of site-rows with:
 - Site 'unit':				0.0730

0.0730
