****************************************
Report : check_mv_design
Design : top_pad_rvx
Version: W-2024.09-SP3
Date   : Thu Aug 13 16:18:31 2026
****************************************

---------- Power domain rule ----------
No errors or warnings.

---------- Supply set rule ----------
No errors or warnings.

---------- Supply net rule ----------
No errors or warnings.

---------- Supply port rule ----------
No errors or warnings.

---------- Isolation strategy rule ----------
No errors or warnings.

---------- Level shifter strategy rule ----------
No errors or warnings.

---------- Retention strategy rule ----------
No errors or warnings.

---------- Power switch strategy rule ----------
No errors or warnings.

---------- Repeater rule ----------
No errors or warnings.

---------- Terminal boundary rule ----------
No errors or warnings.

---------- Isolation cell rule ----------
No errors or warnings.

---------- Level shifter cell rule ----------
No errors or warnings.

---------- Retention cell rule ----------
No errors or warnings.

---------- Switch cell rule ----------
No errors or warnings.

---------- PGMUX rule ----------
No errors or warnings.

---------- Diode cell rule ----------
No errors or warnings.

---------- Model rule ----------
No errors or warnings.

---------- Isolation rule ----------
No errors or warnings.

---------- Voltage shifting rule ----------
No errors or warnings.

---------- Tie-off connection rule ----------
Warning: The tie-off connection '*Logic0*' has not been implemented. (MV-027)
Warning: The tie-off connection '*Logic1*' has not been implemented. (MV-027)
Information: Total 2 MV-027 violations. (MV-080)
---------- Analog net rule ----------
No errors or warnings.

---------- Physical block pin rule ----------
No errors or warnings.

---------- PG pin rule ----------
No errors or warnings.

---------- Signal pin rule ----------
No errors or warnings.

---------- Summary ----------
Information: Total 0 error(s) and 2 warning(s) from check_mv_design. (MV-082)
1
